// Vitest Snapshot v1, https://vitest.dev/guide/snapshot.html

exports[`CalculationHistory component > matches the snapshot 1`] = `
<div>
  <div
    class="bg-gray-100 mb-6 p-2 pb-0.5 rounded-md shadow-md"
  >
    <ul>
      <li
        class="mb-2 p-1 pr-2 bg-white rounded-md shadow-md hover:bg-gray-100 text-xs cursor-pointer"
      >
        <p
          class="text-blue-500 font-bold text-right"
        >
          2 + 2
        </p>
      </li>
    </ul>
  </div>
</div>
`;
